// Jest Snapshot v1, https://goo.gl/fbAQLP

exports[`it should render EditRecipe form 1`] = `
<div
  className="container-fluid main-register-container"
>
  <div
    className="row overlay"
  >
    <div
      className="col-sm-8 col-md-5 mx-auto"
    >
      <div
        className="card  mt-5 card-form"
      >
        <div
          className="card-header text-center"
        >
          <h2
            className="text-center"
          >
             Edit Password
          </h2>
        </div>
        <span />
        <div
          className="card-body"
        >
          <form
            onSubmit={[Function]}
          >
            <div
              className="form-group"
            >
              <input
                className="form-control"
                name="password"
                onChange={[Function]}
                placeholder="Enter New Password"
                type="password"
                value=""
              />
            </div>
            <div
              className="form-group"
            >
              <input
                className="form-control"
                name="confirmPassword"
                onChange={[Function]}
                placeholder="Confirm Password"
                type="password"
                value=""
              />
            </div>
            <div
              className="form-group"
            >
              <input
                className="btn btn-success btn-block"
                type="submit"
                value="Update Password"
              />
            </div>
          </form>
        </div>
      </div>
    </div>
  </div>
</div>
`;
