// Jest Snapshot v1, https://goo.gl/fbAQLP

exports[`Popular Recipe Component it should render LatestRecipes correctly 1`] = `
<div
  className="container"
>
  <div
    className="row"
  >
    <div
      className="col-sm"
    >
      <h2
        className="text-center catalogue"
      >
        Popular Recipes
      </h2>
    </div>
  </div>
  <div
    className="row"
  >
    <RecipeCard
      createdAt="created date"
      downvotes={0}
      id={1}
      image="image"
      ingredients="ingredients"
      instructions="instructions"
      key="1"
      title="titlw"
      updatedAt="updated date"
      upvotes={0}
      userId={1}
    />
  </div>
</div>
`;
