// Jest Snapshot v1, https://goo.gl/fbAQLP

exports[`Recipe Details Component it should render Favourites correctly 1`] = `
<div
  className="container"
>
  <div
    className="row"
  >
    <div
      className="col-sm-12"
    >
      <h2
        className="details"
      >
        titlw
      </h2>
    </div>
    <div
      className="col-lg-6 recipe-img"
    >
      <img
        alt="Details"
        className="recipe-details img-fluid"
        src="image"
      />
      <a
        className="btn btn-outline-dark"
        href="#"
        id="upvote"
        onClick={[Function]}
      >
        <i
          aria-hidden="true"
          className="fa fa-thumbs-up"
        />
        0
      </a>
      <a
        className="btn btn-outline-dark"
        href="#"
        id="downvote"
        onClick={[Function]}
        style={
          Object {
            "marginLeft": "5px",
          }
        }
      >
        <i
          aria-hidden="true"
          className="fa fa-thumbs-down"
        />
        0
      </a>
      <a
        className="btn btn-outline-dark"
        href="#"
        id="favourite"
        onClick={[Function]}
        style={
          Object {
            "marginLeft": "5px",
          }
        }
      >
        <i
          aria-hidden="true"
          className="fa fa-heart"
        />
      </a>
    </div>
    <div
      className="col-lg-6"
    >
      <h3
        className=""
      >
        Ingredients
      </h3>
      <p>
        ingredients
      </p>
      <h3
        className="preparation"
      >
        Preparations
      </h3>
      <p>
        instructions
      </p>
    </div>
  </div>
</div>
`;
